[backblue.gif]
[fade.gif]
[index.html]
[www.agadirdestination.com/index.html]
[www.agadirdestination.com/accueil/index.html]
[www.agadirdestination.com/css/bootstrap-timepicker.css]
[www.agadirdestination.com/css/main.css]
[www.agadirdestination.com/js/bootstrap-datepicker.fr.min.js]
[www.agadirdestination.com/js/bootstrap-timepicker.js]
[www.agadirdestination.com/js/bootstrap-datepicker.min.js]
[www.agadirdestination.com/library/img/rs_fb.png]
[www.agadirdestination.com/library/img/rs_tw.png]
[www.agadirdestination.com/library/img/rs_g+.png]
[www.agadirdestination.com/js/jquery-1.11.1.min.js]
[www.agadirdestination.com/library/img/rs_b.png]
[www.agadirdestination.com/library/img/rs_inst.png]
[www.agadirdestination.com/js/main.js]
[www.agadirdestination.com/library/img/rs_p.png]
[www.agadirdestination.com/library/img/rs_trip.png]
[www.agadirdestination.com/panier/index.html]
[www.agadirdestination.com/library/img/logo-285-28.png]
[www.agadirdestination.com/excursions/index.html]
[www.agadirdestination.com/activites/index.html]
[www.agadirdestination.com/circuits/index.html]
[www.agadirdestination.com/transfert/index.html]
[www.agadirdestination.com/parc/index.html]
[www.agadirdestination.com/livre-dor/index.html]
[www.agadirdestination.com/contact/index.html]
[www.agadirdestination.com/library/slider/home/001.jpg]
[www.agadirdestination.com/library/slider/home/002.jpg]
[www.agadirdestination.com/library/slider/home/003.jpg]
[www.agadirdestination.com/library/slider/home/004.jpg]
[www.agadirdestination.com/library/slider/home/005.jpg]
[www.agadirdestination.com/library/slider/home/006.jpg]
[www.agadirdestination.com/library/img/award9.png]
[www.agadirdestination.com/library/img/speech45.png]
[www.agadirdestination.com/library/img/lightOk45_1.png]
[www.agadirdestination.com/library/img/credit45.png]
[www.agadirdestination.com/activites/excursion-balade-quad-agadir-demi-jour.html]
[www.agadirdestination.com/library/images/Excursions/Quad/Quad_Agadir_0.png]
[www.agadirdestination.com/activites/excursion-balade-a-dos-dromadaire-balade-chameau-agadir.html]
[www.agadirdestination.com/library/images/Excursions/Camel/Dromadaire_Agadir_1.png]
[www.agadirdestination.com/images/ad/best-seller.png]
[www.agadirdestination.com/excursions/visite-vallee-du-paradis-agadir.html]
[www.agadirdestination.com/library/images/Excursions/Vallee_Paradis/Paradise_Valley_1.png]
[www.agadirdestination.com/excursions/visite-agadir-agadir-visite-demi-jour-tour-ville-agadir.html]
[www.agadirdestination.com/library/images/Excursions/Visite_Agadir/Agadir__1.png]
[www.agadirdestination.com/activites/sortie-en-bateau-baie-dagadir-excursion-peche-agadir.html]
[www.agadirdestination.com/library/images/Excursions/Fishing_Agadir/Peche-bateau-Agadir_1.png]
[www.agadirdestination.com/excursions/visite-desert-agadir-en-4x4.html]
[www.agadirdestination.com/library/images/Excursions/Massa_4x4/Desert_Agadir_3.png]
[www.agadirdestination.com/circuits/circuit-maroc-3-jours-taroudant-marrakech-essaouira.html]
[www.agadirdestination.com/library/galerie/circuit_3j_aga-tar-mar-ess/Marrakech_6.png]
[www.agadirdestination.com/excursions/excursion-taroudant-et-la-superbe-oasis-tiout-a-ne-pas-louper.html]
[www.agadirdestination.com/library/images/Excursions/Tiout/Tiout__1.png]
[www.agadirdestination.com/excursions/visite-marrakech-express-excursion-marrakech-court.html]
[www.agadirdestination.com/library/images/Excursions/Marrakech/Marrakech__0.png]
[static.tacdn.com/img2/widget/tripadvisor_logo_115x18.gif]
[www.agadirdestination.com/js/jquery.simpleWeather.js]
[www.agadirdestination.com/qui-sommes-nous/index.html]
[www.agadirdestination.com/mentions-legales/index.html]
[www.agadirdestination.com/cgv/index.html]
[www.agadirdestination.com/partenaires/index.html]
[www.agadirdestination.com/faq/index.html]
[www.agadirdestination.com/blog/index.html]
[www.agadirdestination.com/plan-du-site/index.html]
[www.agadirdestination.com/transport-touristique/index.html]
[www.agadirdestination.com/transport-du-personnel/index.html]
[www.agadirdestination.com/transport-vip/index.html]
[www.agadirdestination.com/location-voiture-agadir/index.html]
[www.agadirdestination.com/informations-pratiques/index.html]
[www.agadirdestination.com/circuits-maroc/index.html]
[www.agadirdestination.com/library/img/paiement_paypal.png]
[www.agadirdestination.com/library/img/paiement_virement.png]
[www.agadirdestination.com/library/img/paiement_western.png]
[www.agadirdestination.com/library/img/paiement_moneygram.png]
[www.agadirdestination.com/images/100_secure.png]
[www.agadirdestination.com/images/tripadvisor_logo.png]
[www.agadirdestination.com/accueil/index.html]
[www.agadirdestination.com/fonts/Lobster.4a.delayed]
[www.agadirdestination.com/library/img/av-midget.png]
[www.agadirdestination.com/library/img/av-midget-hover.png]
[www.agadirdestination.com/library/img/av-midget-color-three.png]
[www.agadirdestination.com/library/img/av-midget-color-four.png]
[www.agadirdestination.com/library/img/av-midget-dl.png]
[www.agadirdestination.com/library/img/av-midget-right-arrow.png]
[www.agadirdestination.com/library/img/av-midget-check.png]
[www.agadirdestination.com/library/img/av-specs-shadow.png]
[www.agadirdestination.com/library/img/av-glyphicons.png]
[www.agadirdestination.com/library/img/av-footer-icons.54.delayed]
[www.agadirdestination.com/library/img/av-glyphicons-rounded.png]
[www.agadirdestination.com/library/img/receptionist.56.delayed]
[www.agadirdestination.com/library/img/airplane.57.delayed]
[www.agadirdestination.com/library/img/av-glyphicons-x2.png]
[www.agadirdestination.com/library/img/av-glyphicons-rounded-x2.png]
[www.agadirdestination.com/library/img/av-guarantees-shadow.5a.delayed]
[www.agadirdestination.com/library/img/av-booking-steps-sep.gif]
[www.agadirdestination.com/library/img/av-back-active-line.png]
[www.agadirdestination.com/library/img/av-back-color-one.png]
[www.agadirdestination.com/library/img/bg-loader.5e.delayed]
[www.agadirdestination.com/library/img/loader-img.5f.delayed]
[www.agadirdestination.com/library/img/av-bg-select.png]
[www.agadirdestination.com/library/img/av-midget-mobile.png]
[www.agadirdestination.com/library/img/av-sub-midget-mobile.png]
[www.agadirdestination.com/library/img/cart.63.delayed]
[www.agadirdestination.com/library/img/av-back-footer.png]
[www.agadirdestination.com/library/img/av-simple-list-link-arrow.gif]
[www.agadirdestination.com/library/img/av-icon-cart-quantity-red.png]
[www.agadirdestination.com/library/img/av-bg-step.png]
[www.agadirdestination.com/library/img/av-bg-step-previous.png]
[www.agadirdestination.com/library/img/av-bg-step-current.png]
[www.agadirdestination.com/library/img/av-prod-shadow.png]
[www.agadirdestination.com/library/img/promo-tag.6b.delayed]
[www.agadirdestination.com/library/img/arrow-reservation-left.gif]
[www.agadirdestination.com/library/img/arrow-reservation-right.gif]
[www.agadirdestination.com/library/cart.png]
[www.agadirdestination.com/css/fonts/soap-iconsc526.woff]
[www.agadirdestination.com/css/fonts/soap-iconsc526.ttf]
[www.agadirdestination.com/css/main.css]
[www.agadirdestination.com/css/fonts/soap-iconsc526.svg]
[www.agadirdestination.com/css/bootstrap-timepicker.css]
[www.agadirdestination.com/panier/index.html]
[www.agadirdestination.com/library/slider/Excursions/4x4_Agadir.jpg]
[www.agadirdestination.com/library/slider/Excursions/Agadir.jpg]
[www.agadirdestination.com/library/slider/Excursions/Agadir_Visite.jpg]
[www.agadirdestination.com/library/slider/Excursions/City_Tour_Agadir.jpg]
[www.agadirdestination.com/library/slider/Excursions/Desert_Agadir.jpg]
[www.agadirdestination.com/library/slider/Excursions/Essaouira_Agadir.jpg]
[www.agadirdestination.com/library/slider/Excursions/Imouzzer_Agadir.jpg]
[www.agadirdestination.com/library/slider/Excursions/Kasbah_Maroc.jpg]
[www.agadirdestination.com/library/slider/Excursions/Legzira.jpg]
[www.agadirdestination.com/library/slider/Excursions/Marrakech_Agadir.jpg]
[www.agadirdestination.com/library/slider/Excursions/Paradise_valley_Agadir.jpg]
[www.agadirdestination.com/library/slider/Excursions/Tafraout.jpg]
[www.agadirdestination.com/library/slider/Excursions/Tiout.jpg]
[www.agadirdestination.com/excursions/visite-maison-de-largan-agadir.html]
[www.agadirdestination.com/library/images/Excursions/Maison_argan/Argan__1.png]
[www.agadirdestination.com/library/images/Excursions/ESS/Essaouira__1.png]
[www.agadirdestination.com/excursions/excursion-et-visite-dessaouira-au-depart-dagadir.html]
[www.agadirdestination.com/excursions/excursion-taroudant-en-demi-journee.html]
[www.agadirdestination.com/library/images/Excursions/Taroudant/Taroudant__1.png]
[www.agadirdestination.com/excursions/excursion-imouzzer-agadir.html]
[www.agadirdestination.com/library/images/Excursions/imouzzer/Imouzzer__1.png]
[www.agadirdestination.com/excursions/excursion-visite-et-activite-agadir-et-environsac33.html]
[www.agadirdestination.com/excursions/excursion-visite-et-activite-agadir-et-environsedad.html]
[www.agadirdestination.com/excursions/index.html]
[www.agadirdestination.com/library/slider/Activites/Agadir_Visite.jpg]
[www.agadirdestination.com/library/slider/Activites/Buggy_Agadir.jpg]
[www.agadirdestination.com/library/slider/Activites/Cheval-horse-Agadir_3.jpg]
[www.agadirdestination.com/library/slider/Activites/City_Tour_Agadir.jpg]
[www.agadirdestination.com/library/slider/Activites/Dromadaire_Agadir.jpg]
[www.agadirdestination.com/library/slider/Activites/Fantasia__Agadir.jpg]
[www.agadirdestination.com/library/slider/Activites/Kasbah_Maroc.jpg]
[www.agadirdestination.com/library/slider/Activites/Legzira.jpg]
[www.agadirdestination.com/library/slider/Activites/Quad_demi-jour.jpg]
[www.agadirdestination.com/activites/activite-spa-et-massage-agadir-centre-beaute-et-bien-etre-agadir-soin-du-corps-agadir.html]
[www.agadirdestination.com/library/images/Excursions/Massage_Spa/Massage_Argan_1.png]
[www.agadirdestination.com/activites/soiree-fantasia-agadir-diner-gala-agadir.html]
[www.agadirdestination.com/library/images/Excursions/Fantasia/Fantasia-Agadir__1.png]
[www.agadirdestination.com/activites/excursion-balade-a-cheval-agadir.html]
[www.agadirdestination.com/library/images/Excursions/Cheval/Cheval_Agadir_2.png]
[www.agadirdestination.com/activites/agadir-visite-excursion-agadir-activites-agadirac33.html]
[www.agadirdestination.com/activites/agadir-visite-excursion-agadir-activites-agadiredad.html]
[www.agadirdestination.com/activites/index.html]
[www.agadirdestination.com/library/slider/Circuits/Agadir_Visite.jpg]
[www.agadirdestination.com/library/slider/Circuits/Banniere_TAR-RAK-ESS.png]
[www.agadirdestination.com/library/slider/Circuits/Bivouac_Maroc.jpg]
[www.agadirdestination.com/library/slider/Circuits/Caravane_desert.jpg]
[www.agadirdestination.com/library/slider/Circuits/casablanca1.jpg]
[www.agadirdestination.com/library/slider/Circuits/City_Tour_Agadir.jpg]
[www.agadirdestination.com/library/slider/Circuits/desert_maroc.jpg]
[www.agadirdestination.com/library/slider/Circuits/Essaouira.jpg]
[www.agadirdestination.com/library/slider/Circuits/Fes_tours.jpg]
[www.agadirdestination.com/library/slider/Circuits/Fez_Morocco.jpg]
[www.agadirdestination.com/library/slider/Circuits/Fox_merzouga.jpg]
[www.agadirdestination.com/library/slider/Circuits/Kasbah_Maroc.jpg]
[www.agadirdestination.com/library/slider/Circuits/Khenfiss1.jpg]
[www.agadirdestination.com/library/slider/Circuits/Legzira.jpg]
[www.agadirdestination.com/library/slider/Circuits/Merzouga_luxury_camp_Morocco.jpg]
[www.agadirdestination.com/library/slider/Circuits/Merzouga_sahara.jpg]
[www.agadirdestination.com/library/slider/Circuits/Sahara.jpg]
[www.agadirdestination.com/library/slider/Circuits/Todgha.jpg]
[www.agadirdestination.com/library/slider/Circuits/Tombouctou.jpg]
[www.agadirdestination.com/library/slider/Circuits/Villes_imperiales_Maroc.png]
[www.agadirdestination.com/circuits/circuit-eco-touristique---le-desert-et-les-vallees-maroc.html]
[www.agadirdestination.com/library/galerie/Desert_Maroc/Desert_Sahara_4.png]
[www.agadirdestination.com/circuits/circuit-maroc-2-jours-desert-du-sahara.html]
[www.agadirdestination.com/library/galerie/Desert_Maroc/Desert_Sahara_1.png]
[www.agadirdestination.com/circuits/circuit-maroc-decouverte-du-sahara-en-3-jours.html]
[www.agadirdestination.com/library/galerie/Desert_Maroc/Desert_Sahara_12.png]
[www.agadirdestination.com/circuits/circuit-desert-maroc-agadir-marrakech-3-jours.html]
[www.agadirdestination.com/library/galerie/circuit_magie_desert/0.png]
[www.agadirdestination.com/circuits/circuit-maroc-circuit-minibus-agadir-circuit-4x4-agadir-excursion-agadirac33.html]
[www.agadirdestination.com/circuits/index.html]
[www.agadirdestination.com/library/slider/Transfert/Agadir_Visite.jpg]
[www.agadirdestination.com/library/slider/Transfert/City_Tour_Agadir.jpg]
[www.agadirdestination.com/library/slider/Transfert/Kasbah_Maroc.jpg]
[www.agadirdestination.com/library/slider/Transfert/Legzira.jpg]
[www.agadirdestination.com/transfert/index.html]
[www.agadirdestination.com/library/slider/Parc/Agadir_Visite.jpg]
[www.agadirdestination.com/library/slider/Parc/City_Tour_Agadir.jpg]
[www.agadirdestination.com/library/slider/Parc/Kasbah_Maroc.jpg]
[www.agadirdestination.com/library/slider/Parc/Legzira.jpg]
[www.agadirdestination.com/parc/location-minibus-transfert-et-excursion-agadir.html]
[www.agadirdestination.com/library/galerie/parc1/Ford__1.png]
[www.agadirdestination.com/parc/minibus-volkswagen-transfert-et-excursion-agadir.html]
[www.agadirdestination.com/library/galerie/parc2/Minibus17__2.png]
[www.agadirdestination.com/parc/transport-et-excursion-bus-autocar-agadir.html]
[www.agadirdestination.com/library/galerie/parc4/Bus__9.png]
[www.agadirdestination.com/parc/transfert-et-excursion-agadir-privee.html]
[www.agadirdestination.com/library/galerie/parc3/H1_Agadir_1.png]
[www.agadirdestination.com/parc/visite-et-excursion-4x4-agadir.html]
[www.agadirdestination.com/library/galerie/Parc/4x4/4x4_Agadir_2.png]
[www.agadirdestination.com/parc/index.html]
[www.agadirdestination.com/library/slider/Livredor/Agadir_Visite.jpg]
[www.agadirdestination.com/library/slider/Livredor/City_Tour_Agadir.jpg]
[www.agadirdestination.com/library/slider/Livredor/Kasbah_Maroc.jpg]
[www.agadirdestination.com/library/slider/Livredor/Legzira.jpg]
[www.agadirdestination.com/library/galerie/Agadir-Destination.jpg]
[www.agadirdestination.com/library/galerie/Essaouira/Essaouira2.jpg]
[www.agadirdestination.com/library/images/Livre/Agadir_Essaouira.jpg]
[www.tripadvisor.fr/img/cdsi/img2/branding/150_logo-16124-2.png]
[www.agadirdestination.com/livre-dor/index.html]
[www.agadirdestination.com/library/slider/Contact/002.jpg]
[www.agadirdestination.com/library/slider/Contact/003.jpg]
[www.agadirdestination.com/library/slider/Contact/004.jpg]
[www.agadirdestination.com/library/slider/Contact/005.jpg]
[www.agadirdestination.com/contact/index.html]
[www.agadirdestination.com/css/masterslider.main923d.css]
[www.agadirdestination.com/js/masterslider.min0322.js]
[www.agadirdestination.com/css/img/blank.gif]
[www.agadirdestination.com/cache/images/61514c69677f9879193a8457da2861e1.jpg]
[www.agadirdestination.com/cache/images/7a7744696e2a6510287f9c096daa5c69.jpg]
[www.agadirdestination.com/cache/images/399c12202aaf785dde68d1c699f126af.jpg]
[www.agadirdestination.com/cache/images/db83f47e352cb1d5316f1d2793984812.jpg]
[www.agadirdestination.com/cache/images/9db092524f3052017f9b51e1888aa831.jpg]
[www.agadirdestination.com/cache/images/21393686d9b67b18e3d825eac8f12d7e.jpg]
[www.agadirdestination.com/cache/images/fe5c1c849297e7303fccfc909154aae6.jpg]
[www.agadirdestination.com/cache/images/7d9f302de550a6b19718cb60eb22689b.jpg]
[www.agadirdestination.com/cache/images/6afab2d965765079c395ae4170f6c9c6.jpg]
[www.agadirdestination.com/cache/images/684c025bdb251cb8370c76a63ac465b4.jpg]
[www.agadirdestination.com/css/flexslider/flexslider.css]
[www.agadirdestination.com/activites/excursion-balade-quad-agadir-demi-jour.html]
[www.agadirdestination.com/library/images/Excursions/Quad/Quad_Agadir_0.png]
[www.agadirdestination.com/cache/images/0c2033badff3db5e6cfddd65c141a5c3.jpg]
[www.agadirdestination.com/cache/images/03ae09a8e1060d2a6c8a043f99b798b2.jpg]
[www.agadirdestination.com/cache/images/a9fe328906d389b37d7cfd879358af16.jpg]
[www.agadirdestination.com/cache/images/64ea3a3434a8fe2f2fa851dd559671cf.jpg]
[www.agadirdestination.com/cache/images/4bdc8be503ad0486faf8ac18860b6ab8.jpg]
[www.agadirdestination.com/cache/images/bea2b815221b64e6d97c5937aeea33e0.jpg]
[www.agadirdestination.com/cache/images/e1c53c358ef7a2b03dfec3fac813bbfc.jpg]
[www.agadirdestination.com/cache/images/98adc334c72e0847e4f72b22c7483dc6.jpg]
[www.agadirdestination.com/cache/images/ac7438772b9edc9ef26420dde90571ff.jpg]
[www.agadirdestination.com/cache/images/498caa4f1e09d3294c4bdb990e402e62.jpg]
[www.agadirdestination.com/activites/excursion-balade-a-dos-dromadaire-balade-chameau-agadir.html]
[www.agadirdestination.com/library/images/Excursions/Paradise_valley_AgadirDestination.png]
[www.agadirdestination.com/cache/images/ede36538813c3c80cf7f4fd9fec24325.jpg]
[www.agadirdestination.com/cache/images/ea9b5124e2c1b6096597706b1e69c53a.jpg]
[www.agadirdestination.com/cache/images/e00bf5af0d4f2866587301372396db2d.jpg]
[www.agadirdestination.com/cache/images/da798cb1b02c522d5de4b5599a4731c9.jpg]
[www.agadirdestination.com/cache/images/9886280bc21270e7131be63f4032e0f7.jpg]
[www.agadirdestination.com/cache/images/a003c4670b548821726fc42af389487c.jpg]
[www.agadirdestination.com/cache/images/e09acf6177b85f1720a0fce7f39d1e62.jpg]
[www.agadirdestination.com/cache/images/40975968fc99d03e0f41df4e987aab53.jpg]
[www.agadirdestination.com/cache/images/269486eb2222ec71bd1a516d5c8ea598.jpg]
[www.agadirdestination.com/cache/images/b4854a654326c00313d090c1c4824b31.jpg]
[www.agadirdestination.com/excursions/visite-vallee-du-paradis-agadir.html]
[www.agadirdestination.com/library/images/Excursions/Vallee_Paradis/Paradise_Valley_1.png]
[www.agadirdestination.com/library/images/Excursions/Tour_ville_AgadirDestination.png]
[www.agadirdestination.com/cache/images/ccc9e39a1da69648daa612baaab42e10.jpg]
[www.agadirdestination.com/cache/images/5930c06be0e0998089530a663715af02.jpg]
[www.agadirdestination.com/cache/images/d867f93b8b5a5ce203b4cb14d27df8f3.jpg]
[www.agadirdestination.com/cache/images/da6c97c4e0a3aed1a8fee3699e273777.jpg]
[www.agadirdestination.com/cache/images/be7caa1e8a4f2109abdbc57e59e31b3e.jpg]
[www.agadirdestination.com/cache/images/a34657b7cb593eb2b5876cbcef201028.jpg]
[www.agadirdestination.com/cache/images/b7dbdbf9766b777f4677f208930c601a.jpg]
[www.agadirdestination.com/cache/images/e59e17ce736178dc190f50e302612a63.jpg]
[www.agadirdestination.com/cache/images/c3c94d584368a2e68d0ea9567e5e3f76.jpg]
[www.agadirdestination.com/cache/images/57bb7bad01bc6afe78aac7198c4fe16b.jpg]
[www.agadirdestination.com/excursions/visite-agadir-agadir-visite-demi-jour-tour-ville-agadir.html]
[www.agadirdestination.com/library/img/home_2_1.jpg]
[www.agadirdestination.com/cache/images/7a2ec07e3a2a1a5ed098559a185b09b9.jpg]
[www.agadirdestination.com/cache/images/d05648ec569bb26f5f05ab7e9b5a5a89.jpg]
[www.agadirdestination.com/cache/images/8197eb38c0a9f9e5eb46b2d111cc02ee.jpg]
[www.agadirdestination.com/cache/images/66ac04a0586e5fc90383032b84573c0e.jpg]
[www.agadirdestination.com/cache/images/ba7b7cd2ff51cb5bc09d3e1de623a023.jpg]
[www.agadirdestination.com/cache/images/3779d0be20ebd0e1eb5e0fcbfc9a2850.jpg]
[www.agadirdestination.com/cache/images/456ae368b4d7308f58f1c423779adc45.jpg]
[www.agadirdestination.com/cache/images/4629cf980a0123185b98ccbfc8284b56.jpg]
[www.agadirdestination.com/cache/images/76cc21a8d390e131f2a0acb5b5f676d3.jpg]
[www.agadirdestination.com/cache/images/5fce55304a161e3dd5b0b03c7b802b53.jpg]
[www.agadirdestination.com/activites/sortie-en-bateau-baie-dagadir-excursion-peche-agadir.html]
[www.agadirdestination.com/cache/images/b77c21a743c892ec05d8c06dd57a6cb1.jpg]
[www.agadirdestination.com/cache/images/60a57b9e2c0b78ec0bb867b91396701d.jpg]
[www.agadirdestination.com/cache/images/7dfb1f11bec1f9bf057d4cb7477c22ef.jpg]
[www.agadirdestination.com/cache/images/b320cf7696832c732dadc0fc08b481d8.jpg]
[www.agadirdestination.com/cache/images/98f5a7ff725e3fa28a7bc7ae6c3bc2a6.jpg]
[www.agadirdestination.com/cache/images/2eb4e684bd124778b23e415883fc0ec6.jpg]
[www.agadirdestination.com/cache/images/73931fe0b69dfe8d3f1e431a70724d5e.jpg]
[www.agadirdestination.com/cache/images/4a274896721b27c26f25c4f862a90256.jpg]
[www.agadirdestination.com/cache/images/2ae8e47a538a688565452fa2ec6d5055.jpg]
[www.agadirdestination.com/cache/images/c6e12235dda3158bb87236711b84eedb.jpg]
[www.agadirdestination.com/excursions/visite-desert-agadir-en-4x4.html]
[www.agadirdestination.com/cache/images/83410e4b07fb51c7761fd7e1a847cba1.jpg]
[www.agadirdestination.com/cache/images/d3453eda03a2d0cb69c701de32df9dfe.jpg]
[www.agadirdestination.com/cache/images/7e68cf0e70d6b301ad3c777c2a6cff23.jpg]
[www.agadirdestination.com/cache/images/410c86b2c6c6ead853ee3c2c77c48565.jpg]
[www.agadirdestination.com/cache/images/7c0e3e23c1b74fbaf783efbe3fe174f4.jpg]
[www.agadirdestination.com/cache/images/c442b9b1d064ad428cf2ff392153f32d.jpg]
[www.agadirdestination.com/cache/images/98d281d16c00b6f3bb642d35f4e668fb.jpg]
[www.agadirdestination.com/cache/images/b1f74c7e9cbc5330e320089795cbd485.jpg]
[www.agadirdestination.com/cache/images/c1b35119b8acae62d821e6699bfa2007.jpg]
[www.agadirdestination.com/cache/images/0ebfadd9317621368e16d3d4005d05aa.jpg]
[www.agadirdestination.com/cache/images/874d028856496da3ea807eb114c834d1.jpg]
[www.agadirdestination.com/cache/images/ef28f743d732c5bf6adf49bc902f5ea7.jpg]
[www.agadirdestination.com/cache/images/bca53a4d57168afb60dd66d6b94c2d16.jpg]
[www.agadirdestination.com/cache/images/d150904fefbc13cefd002c2954ec14d2.jpg]
[www.agadirdestination.com/cache/images/6e0206097eea786e42b3565642972900.jpg]
[www.agadirdestination.com/cache/images/da9111ba36fc8e12233eb883132f5d44.jpg]
[www.agadirdestination.com/cache/images/7d2c6b94640fe6261eebb732f669f62f.jpg]
[www.agadirdestination.com/circuits/circuit-maroc-3-jours-taroudant-marrakech-essaouira.html]
[www.agadirdestination.com/library/images/Excursions/Oasis-Tiout_AgadirDestination.png]
[www.agadirdestination.com/cache/images/94d94da403718b87519c75154d5a56a3.jpg]
[www.agadirdestination.com/cache/images/2ad5b81c8c741eecbd3c6de55ed432eb.jpg]
[www.agadirdestination.com/cache/images/32b40fe41f3408c7c3320f8bd0d08994.jpg]
[www.agadirdestination.com/cache/images/ab36b5533571d24e94e4d7cde2b452ce.jpg]
[www.agadirdestination.com/cache/images/769eefab8a9490b03800f637e89f9db5.jpg]
[www.agadirdestination.com/cache/images/11f1c8be984806503a14106677975b78.jpg]
[www.agadirdestination.com/cache/images/3d89a2d808745dd1620e52b3c365511c.jpg]
[www.agadirdestination.com/cache/images/441ea8b2a8abda8df8c02480cbf0abc1.jpg]
[www.agadirdestination.com/cache/images/09bdc3440e3e1eff60178b5335af1fd3.jpg]
[www.agadirdestination.com/cache/images/dde016a87cce09968414b8f888c9d0d3.jpg]
[www.agadirdestination.com/cache/images/f0f393ef3267e825db7f30e1d395e72f.jpg]
[www.agadirdestination.com/cache/images/b13bf24a981ca14a3ac1cf81aea23762.jpg]
[www.agadirdestination.com/cache/images/a4754473ff6c087ae00d05519178a3b3.jpg]
[www.agadirdestination.com/cache/images/260c24eaa0f27bb85337d96b9053bd8b.jpg]
[www.agadirdestination.com/excursions/excursion-taroudant-et-la-superbe-oasis-tiout-a-ne-pas-louper.html]
[www.agadirdestination.com/library/images/Excursions/Marrakech1_AgadirDestination.png]
[www.agadirdestination.com/cache/images/6ca13eda0fe828fb303174f9f6d3d34e.jpg]
[www.agadirdestination.com/cache/images/809a37e973acb94f85327d15b889e1c7.jpg]
[www.agadirdestination.com/cache/images/56b0cbe718747e97b2b1c3536d04c455.jpg]
[www.agadirdestination.com/cache/images/b7c8aaa80957d883ad5d559d59088bf2.jpg]
[www.agadirdestination.com/cache/images/c6330df5084fc5e00ab051c54565d258.jpg]
[www.agadirdestination.com/cache/images/d18835fb823fee64091a69bbafe479b4.jpg]
[www.agadirdestination.com/cache/images/f832cf4653e2406eed6c54cdc1f726b7.jpg]
[www.agadirdestination.com/cache/images/9d9dda04ee921cd75b90ddf3430cb9fb.jpg]
[www.agadirdestination.com/cache/images/68a48d46f97ec33aa8922e226eb81ea5.jpg]
[www.agadirdestination.com/cache/images/72b742919e85bcc122cdb45425c56a87.jpg]
[www.agadirdestination.com/cache/images/99bebb1bf1e37a9a160cb4052ca26c7b.jpg]
[www.agadirdestination.com/cache/images/ee19b5c6b9d7df70c0a73853ee122759.jpg]
[www.agadirdestination.com/cache/images/3b6148e190a5de2c782d05ed9d1b38fc.jpg]
[www.agadirdestination.com/cache/images/01d6a7b30faac6a09817002b30c80cc7.jpg]
[www.agadirdestination.com/cache/images/812defc139ce183f1e7c0c5182f2574a.jpg]
[www.agadirdestination.com/cache/images/a1e95b96e49d52c029c2d7e8a1bebf03.jpg]
[www.agadirdestination.com/cache/images/07ca3963a092c666cd68508ba73ea8f5.jpg]
[www.agadirdestination.com/excursions/visite-marrakech-express-excursion-marrakech-court.html]
[www.agadirdestination.com/library/slider/qui-sommes-nous/001.jpg]
[www.agadirdestination.com/library/slider/qui-sommes-nous/002.jpg]
[www.agadirdestination.com/library/slider/qui-sommes-nous/003.jpg]
[www.agadirdestination.com/library/slider/qui-sommes-nous/004.jpg]
[www.agadirdestination.com/library/slider/qui-sommes-nous/005.jpg]
[www.agadirdestination.com/qui-sommes-nous/index.html]
[www.agadirdestination.com/library/slider/mentions-legales/001.jpg]
[www.agadirdestination.com/library/slider/mentions-legales/002.jpg]
[www.agadirdestination.com/library/slider/mentions-legales/003.jpg]
[www.agadirdestination.com/library/slider/mentions-legales/004.jpg]
[www.agadirdestination.com/library/slider/mentions-legales/005.jpg]
[www.agadirdestination.com/mentions-legales/index.html]
[www.agadirdestination.com/library/slider/cgv/001.jpg]
[www.agadirdestination.com/library/slider/cgv/002.jpg]
[www.agadirdestination.com/library/slider/cgv/003.jpg]
[www.agadirdestination.com/library/slider/cgv/004.jpg]
[www.agadirdestination.com/library/slider/cgv/005.jpg]
[www.agadirdestination.com/cgv/index.html]
[www.agadirdestination.com/library/slider/partenaires/001.jpg]
[www.agadirdestination.com/library/slider/partenaires/002.jpg]
[www.agadirdestination.com/library/slider/partenaires/003.jpg]
[www.agadirdestination.com/library/slider/partenaires/004.jpg]
[www.agadirdestination.com/library/slider/partenaires/005.jpg]
[meilleurduweb.com/images/pub/banniere_88.31.gif]
[www.net-liens.com/img/net-liens.gif]
[logo.gralon.net/plogo-gralon.gif]
[www.loisirs-tourisme.com/img/loisirs-tourisme.gif]
[www.jusseo.com/img/80x80.gif]
[www.agadirdestination.com/partenaires/index.html]
[www.agadirdestination.com/library/slider/faq/001.jpg]
[www.agadirdestination.com/library/slider/faq/002.jpg]
[www.agadirdestination.com/library/slider/faq/003.jpg]
[www.agadirdestination.com/library/slider/faq/004.jpg]
[www.agadirdestination.com/library/slider/faq/005.jpg]
[www.agadirdestination.com/faq/index.html]
[www.agadirdestination.com/library/slider/blog/001.jpg]
[www.agadirdestination.com/library/slider/blog/002.jpg]
[www.agadirdestination.com/library/slider/blog/003.jpg]
[www.agadirdestination.com/library/slider/blog/004.jpg]
[www.agadirdestination.com/library/slider/blog/005.jpg]
[www.agadirdestination.com/blog/vacances-a-agadir.html]
[www.agadirdestination.com/blog/vacances-a-agadir-copy.html]
[www.agadirdestination.com/blog/maroc-un-pays-dafrique-a-absolument-visiter.html]
[www.agadirdestination.com/blog/index.html]
[www.agadirdestination.com/plan-du-site/index.html]
[www.agadirdestination.com/library/slider/transport-touristique/001.jpg]
[www.agadirdestination.com/library/slider/transport-touristique/002.jpg]
[www.agadirdestination.com/library/slider/transport-touristique/003.jpg]
[www.agadirdestination.com/library/slider/transport-touristique/004.jpg]
[www.agadirdestination.com/library/slider/transport-touristique/005.jpg]
[www.agadirdestination.com/transport-touristique/index.html]
[www.agadirdestination.com/library/slider/transport-du-personnel/001.jpg]
[www.agadirdestination.com/library/slider/transport-du-personnel/002.jpg]
[www.agadirdestination.com/library/slider/transport-du-personnel/003.jpg]
[www.agadirdestination.com/library/slider/transport-du-personnel/004.jpg]
[www.agadirdestination.com/library/slider/transport-du-personnel/005.jpg]
[www.agadirdestination.com/transport-du-personnel/index.html]
[www.agadirdestination.com/library/slider/transport-vip/001.jpg]
[www.agadirdestination.com/library/slider/transport-vip/002.jpg]
[www.agadirdestination.com/library/slider/transport-vip/003.jpg]
[www.agadirdestination.com/library/slider/transport-vip/005.jpg]
[www.agadirdestination.com/transport-vip/index.html]
[www.agadirdestination.com/library/slider/location-voiture-agadir/001.jpg]
[www.agadirdestination.com/library/slider/location-voiture-agadir/002.jpg]
[www.agadirdestination.com/library/slider/location-voiture-agadir/003.jpg]
[www.agadirdestination.com/library/slider/location-voiture-agadir/004.jpg]
[www.agadirdestination.com/library/slider/location-voiture-agadir/005.jpg]
[www.agadirdestination.com/location-voiture-agadir/index.html]
[www.agadirdestination.com/library/slider/informations-pratiques/001.jpg]
[www.agadirdestination.com/library/slider/informations-pratiques/002.jpg]
[www.agadirdestination.com/library/slider/informations-pratiques/003.jpg]
[www.agadirdestination.com/library/slider/informations-pratiques/004.jpg]
[www.agadirdestination.com/library/slider/informations-pratiques/005.jpg]
[www.agadirdestination.com/informations-pratiques/index.html]
[www.agadirdestination.com/library/slider/circuits-maroc/001.jpg]
[www.agadirdestination.com/library/slider/circuits-maroc/002.jpg]
[www.agadirdestination.com/library/slider/circuits-maroc/003.jpg]
[www.agadirdestination.com/library/slider/circuits-maroc/004.jpg]
[www.agadirdestination.com/library/slider/circuits-maroc/005.jpg]
[www.agadirdestination.com/circuits-maroc/index.html]
[www.agadirdestination.com/fonts/Lobster.html]
[www.agadirdestination.com/library/img/av-footer-icons.html]
[www.agadirdestination.com/library/img/receptionist.html]
[www.agadirdestination.com/library/img/airplane.html]
[www.agadirdestination.com/library/img/av-guarantees-shadow.html]
[www.agadirdestination.com/library/img/bg-loader.html]
[www.agadirdestination.com/library/img/loader-img.html]
[www.agadirdestination.com/library/img/cart.html]
[www.agadirdestination.com/library/img/promo-tag.html]
[www.agadirdestination.com/css/fonts/soap-iconsc526.svg]
[www.agadirdestination.com/library/slider/Excursions/Kasbah_Maroc.jpg]
[www.agadirdestination.com/library/slider/Excursions/Tiout.jpg]
[www.agadirdestination.com/cache/images/dc4410f6af2e63801ed3eab5308c6d2b.jpg]
[www.agadirdestination.com/excursions/visite-maison-de-largan-agadir.html]
[www.agadirdestination.com/library/images/Excursions/Maison_argan/Argan__1.png]
[www.agadirdestination.com/library/images/Excursions/Essaouira_AgadirDestination.png]
[www.agadirdestination.com/cache/images/63a077265ff2a0e9571ca903b17d6409.jpg]
[www.agadirdestination.com/cache/images/72cf293b724505bcb07dae701a4cdaaf.jpg]
[www.agadirdestination.com/cache/images/56dba43b750e6cdf7d8954b4e9404c4f.jpg]
[www.agadirdestination.com/cache/images/50d2a52705aa474aea4f8a1456956b8a.jpg]
[www.agadirdestination.com/cache/images/3f2c5a612b26628c8ab94e3dd644f797.jpg]
[www.agadirdestination.com/cache/images/c7ed73216a77e46aaab463f3809341a6.jpg]
[www.agadirdestination.com/cache/images/bf89be6d81d82eba8ddc021fd8390631.jpg]
[www.agadirdestination.com/cache/images/684c64b8f6c566587474eb07d310cf00.jpg]
[www.agadirdestination.com/excursions/excursion-et-visite-dessaouira-au-depart-dagadir.html]
[www.agadirdestination.com/library/images/Excursions/ESS/Essaouira__1.png]
[www.agadirdestination.com/library/images/Excursions/Taroudant_AgadirDestination.png]
[www.agadirdestination.com/cache/images/21f7263b3d1b5103a4b070999d585007.jpg]
[www.agadirdestination.com/cache/images/13c5bc2a5d5e307b3d599493cba0c227.jpg]
[www.agadirdestination.com/cache/images/5d0d1f1c37d53e3d5a964f85c8e1042d.jpg]
[www.agadirdestination.com/cache/images/1f11003c22c3040d19c3d449dd7d3880.jpg]
[www.agadirdestination.com/cache/images/66c6466e3cf67a44e7c1eae138da5cad.jpg]
[www.agadirdestination.com/cache/images/d5217e15e659ec4cc0feb18c6de832ee.jpg]
[www.agadirdestination.com/cache/images/ac1d7b401b96535952a28d460f2e689e.jpg]
[www.agadirdestination.com/cache/images/54c01cfd10114c014c6231914a61e2ac.jpg]
[www.agadirdestination.com/cache/images/53b9cb45cd6390267107465120b49382.jpg]
[www.agadirdestination.com/cache/images/bd9aa50d36c89dabc612611bc5e7e44e.jpg]
[www.agadirdestination.com/excursions/excursion-taroudant-en-demi-journee.html]
[www.agadirdestination.com/library/images/Excursions/Imouzzer.jpg]
[www.agadirdestination.com/cache/images/ab8f58f0cddb58be22261e6175bca3b8.jpg]
[www.agadirdestination.com/cache/images/6743770f2de431b6d5d5d38c5ee66262.jpg]
[www.agadirdestination.com/cache/images/fae001dbb1acc1fe495cab86b52d4c38.jpg]
[www.agadirdestination.com/cache/images/d91d1e4ba728e0525c8c6f473b5f224d.jpg]
[www.agadirdestination.com/cache/images/6d9d4fa7e8a4295e1f1c39a5ff9b0825.jpg]
[www.agadirdestination.com/cache/images/d5171f16494070b6da507b0a2548afd3.jpg]
[www.agadirdestination.com/cache/images/53e741c39ab6b44ae0d3cebaea504532.jpg]
[www.agadirdestination.com/cache/images/90b90a9f3cfeaf34bde9d6901f0dd1c4.jpg]
[www.agadirdestination.com/cache/images/704392f035fc4f1bbae61a745134e92c.jpg]
[www.agadirdestination.com/cache/images/41fed27bf333ca3d857368fc1af47449.jpg]
[www.agadirdestination.com/cache/images/c19108fc35cdd9daee9736f66c9ded99.jpg]
[www.agadirdestination.com/cache/images/02772ca660412fa7124e0f54c2ab8717.jpg]
[www.agadirdestination.com/cache/images/bec27b14c9f32ee8bd210cc04f3ceb85.jpg]
[www.agadirdestination.com/excursions/excursion-imouzzer-agadir.html]
[www.agadirdestination.com/excursions/excursion-visite-legzira.html]
[www.agadirdestination.com/library/galerie/LEGZIRA/Legzira__1.png]
[www.agadirdestination.com/excursions/excursion-visite-et-activite-agadir-et-environsf711.html]
[www.agadirdestination.com/excursions/excursion-visite-et-activite-agadir-et-environs609d.html]
[www.agadirdestination.com/excursions/excursion-visite-et-activite-agadir-et-environsac33.html]
[www.agadirdestination.com/excursions/excursion-essaouira-et-marrakech.html]
[www.agadirdestination.com/library/images/Excursions/Dromadaire/Essaouira.Marrakech.png]
[www.agadirdestination.com/excursions/visite-tafraout-et-tiznit-excursion-tafraout-et-tiznit-agadir.html]
[www.agadirdestination.com/library/images/Excursions/Tafraout/Tafraout__1.png]
[www.agadirdestination.com/excursions/excursion-visite-et-activite-agadir-et-environsedad.html]
[www.agadirdestination.com/cache/images/744e4024458bfcc67debfe4048684000.jpg]
[www.agadirdestination.com/cache/images/b0078322ed232d191ba2b2c9b9600a6b.jpg]
[www.agadirdestination.com/cache/images/1fd5d435444d2be130af2e6bded28290.jpg]
[www.agadirdestination.com/cache/images/ce7e113b8c394426a617fb1be3a554ab.jpg]
[www.agadirdestination.com/cache/images/c93a5c9a44d6643a88f96fdec000198d.jpg]
[www.agadirdestination.com/cache/images/d672460b98da878cc7f6cc9e7a583870.jpg]
[www.agadirdestination.com/cache/images/80658cbf7d5863dcb1c382b036e1dffd.jpg]
[www.agadirdestination.com/cache/images/6d20a6d5b424db6f40e901b343d3003d.jpg]
[www.agadirdestination.com/cache/images/e850e69a2dc721d1378cf02e1ac240c8.jpg]
[www.agadirdestination.com/cache/images/c403a9433c007fbee1dc92a130a23805.jpg]
[www.agadirdestination.com/activites/activite-spa-et-massage-agadir-centre-beaute-et-bien-etre-agadir-soin-du-corps-agadir.html]
[www.agadirdestination.com/cache/images/b19fcc44a2d15f648f09a0162ad4fc3b.jpg]
[www.agadirdestination.com/cache/images/587a0183874c3f1fd4d39e6a352436a4.jpg]
[www.agadirdestination.com/cache/images/cf16ff92cb4c36c450368eccca31a6d6.jpg]
[www.agadirdestination.com/cache/images/b61bce1f4d272d8f932f32d7f04d7256.jpg]
[www.agadirdestination.com/cache/images/8f8f35a3355f3e5ce06022f7e68a2cb8.jpg]
[www.agadirdestination.com/cache/images/20c863daf59ace56b8046436426f9b75.jpg]
[www.agadirdestination.com/cache/images/0b1203163e89a26a25ac8e6d958aac5d.jpg]
[www.agadirdestination.com/cache/images/2d1ac27ec0f947ac451535cdd6caf7b9.jpg]
[www.agadirdestination.com/cache/images/8930749d6ab5da92b9165df03e4099b7.jpg]
[www.agadirdestination.com/cache/images/4642569a4e10b9090317e76c904dd563.jpg]
[www.agadirdestination.com/activites/soiree-fantasia-agadir-diner-gala-agadir.html]
[www.agadirdestination.com/cache/images/388271aa8132f074aee3db5fd45db69e.jpg]
[www.agadirdestination.com/cache/images/0a12bc059b3b75adeea8b39b63b75ffc.jpg]
[www.agadirdestination.com/cache/images/339f74f6bac90961c2692dae56d1de87.jpg]
[www.agadirdestination.com/cache/images/0a9e4e3a3bb25f91e7241c119adecf2c.jpg]
[www.agadirdestination.com/cache/images/b914216cdc207f7a35b228142091839a.jpg]
[www.agadirdestination.com/cache/images/a1177b43f087902a5045286b51fb288a.jpg]
[www.agadirdestination.com/cache/images/7807b4844b100178e16955f9840c253e.jpg]
[www.agadirdestination.com/cache/images/8b88e1768df7b22adbcd8cdfc841e856.jpg]
[www.agadirdestination.com/cache/images/b24ab8e1b562d47367ef1125525171c0.jpg]
[www.agadirdestination.com/cache/images/ec9097f666ca64bf905cdc9a7fa8f725.jpg]
[www.agadirdestination.com/activites/excursion-balade-a-cheval-agadir.html]
[www.agadirdestination.com/library/images/Excursions/Cheval/Cheval_Agadir_2.png]
[www.agadirdestination.com/activites/excursion-aventure-buggy-agadir-balade-buggy-agadir.html]
[www.agadirdestination.com/library/images/Excursions/Buggy_1j/Buggy_Agadir_1.png]
[www.agadirdestination.com/activites/excursion-stage-surf-agadir-spots-surf-taghazout.html]
[www.agadirdestination.com/library/images/Excursions/Surf_Agadir/Surf_Agadir_1.png]
[www.agadirdestination.com/activites/activite-flyboard-agadir-sport-nautique-agadir.html]
[www.agadirdestination.com/library/images/Excursions/Flyboard/Flyboard_Agadir_1.png]
[www.agadirdestination.com/activites/activite-jet-ski-agadir-sport-nautique-agadir.html]
[www.agadirdestination.com/library/images/Excursions/Jet-Ski/Jetski_Agadir_1.png]
[www.agadirdestination.com/activites/agadir-visite-excursion-agadir-activites-agadirf711.html]
[www.agadirdestination.com/activites/agadir-visite-excursion-agadir-activites-agadir609d.html]
[www.agadirdestination.com/activites/agadir-visite-excursion-agadir-activites-agadirac33.html]
[www.agadirdestination.com/activites/agadir-visite-excursion-agadir-activites-agadiredad.html]
[www.agadirdestination.com/library/slider/Circuits/Fes_tours.jpg]
[www.agadirdestination.com/cache/images/fd6923b40febf5683a99aed45dbf2486.jpg]
[www.agadirdestination.com/cache/images/789a850d7c948fffe394ef93566dad25.jpg]
[www.agadirdestination.com/cache/images/a60352b73b70812bf67e75d4345c29e4.jpg]
[www.agadirdestination.com/cache/images/6ac7d40dc31045038dafeeaf015337a3.jpg]
[www.agadirdestination.com/cache/images/cb04de138cb4749fa51b95bf69cf708b.jpg]
[www.agadirdestination.com/cache/images/2558a47a6f1ff62cef91191c9f552060.jpg]
[www.agadirdestination.com/cache/images/6a7dae10efdcb6c477d659494b027c02.jpg]
[www.agadirdestination.com/cache/images/d33662e78910005216af7a6178086ee6.jpg]
[www.agadirdestination.com/cache/images/49a292064c490b59f6674ebc8b99978a.jpg]
[www.agadirdestination.com/cache/images/7204f3eded1cdc89af9f74b9bbc7e838.jpg]
[www.agadirdestination.com/cache/images/028fe9943b1fcfcc89756048cf9dca0f.jpg]
[www.agadirdestination.com/cache/images/04350c6ecd57118cb8c2d7df5648c6ed.jpg]
[www.agadirdestination.com/circuits/circuit-eco-touristique---le-desert-et-les-vallees-maroc.html]
[www.agadirdestination.com/circuits/circuit-maroc-2-jours-desert-du-sahara.html]
[www.agadirdestination.com/circuits/circuit-maroc-decouverte-du-sahara-en-3-jours.html]
[www.agadirdestination.com/cache/images/064ebca9a0cb99d50d76106ac719c62f.jpg]
[www.agadirdestination.com/cache/images/afaea48886b6e49550fece4ed84c6d29.jpg]
[www.agadirdestination.com/cache/images/fd190805b6bcd46531aebf699fd10eb9.jpg]
[www.agadirdestination.com/cache/images/f72cc3d2223652e4ba07b33313bb8308.jpg]
[www.agadirdestination.com/cache/images/adfb142822c351dfca2a884fdf2e9c9f.jpg]
[www.agadirdestination.com/cache/images/bc882bb12defb7ffacc064324ae8a560.jpg]
[www.agadirdestination.com/circuits/circuit-desert-maroc-agadir-marrakech-3-jours.html]
[www.agadirdestination.com/circuits/circuit-villes-imperiales-maroc-6-jours.html]
[www.agadirdestination.com/library/galerie/circuit_6j_ville_imperiales/Casablanca__1.png]
[www.agadirdestination.com/circuits/circuit-maroc-circuit-minibus-agadir-circuit-4x4-agadir-excursion-agadirf711.html]
[www.agadirdestination.com/circuits/circuit-maroc-circuit-minibus-agadir-circuit-4x4-agadir-excursion-agadirac33.html]
[www.agadirdestination.com/library/galerie/Parc/Ford2.jpg]
[www.agadirdestination.com/circuits/circuit-maroc-circuit-minibus-agadir-circuit-4x4-agadir-excursion-agadir609d.html]
[www.agadirdestination.com/cache/images/060e64ac37ecf6f0169f9a5f8c8e41e1.jpg]
[www.agadirdestination.com/cache/images/85b7e046c8225e6927331982b7e537e6.jpg]
[www.agadirdestination.com/cache/images/b7e7f57fa248a90af21ac9515398f152.jpg]
[www.agadirdestination.com/cache/images/347787e467b1d9b948bb5bae64054f41.jpg]
[www.agadirdestination.com/cache/images/941cbf893809222a9dc45b243efed9ff.jpg]
[www.agadirdestination.com/cache/images/1d8f61c8373d831b0af469609671f4e9.jpg]
[www.agadirdestination.com/cache/images/5a1d9622646878a9f36ced7f159dba9c.jpg]
[www.agadirdestination.com/cache/images/cf2282fb52595de75c2a69afe5a481ad.jpg]
[www.agadirdestination.com/cache/images/ab855ffec0ff0ca35523fca9eeeb3edc.jpg]
[www.agadirdestination.com/cache/images/1c770478ee1a9513a5fecdc4523bcbc3.jpg]
[www.agadirdestination.com/parc/location-minibus-transfert-et-excursion-agadir.html]
[www.agadirdestination.com/library/galerie/Parc/volkswagen-crafter.jpg]
[www.agadirdestination.com/cache/images/f33287f8828bbe2ef30120e27c538334.jpg]
[www.agadirdestination.com/cache/images/79225f76e2208abc3da267ba408d6ab3.jpg]
[www.agadirdestination.com/cache/images/f57577b980b9e9154899b9f846ca99c8.jpg]
[www.agadirdestination.com/cache/images/2d7325f7f3533b5027b0b57db2877138.jpg]
[www.agadirdestination.com/cache/images/087adf6e919527ee7ded89eb5dabbe8b.jpg]
[www.agadirdestination.com/cache/images/ee9894b3f9d745fd875058524c07794b.jpg]
[www.agadirdestination.com/parc/minibus-volkswagen-transfert-et-excursion-agadir.html]
[www.agadirdestination.com/library/galerie/Parc/Bus_Agadir.jpg]
[www.agadirdestination.com/cache/images/91642b830be5d05ca33113e08fc18e14.jpg]
[www.agadirdestination.com/cache/images/38e56b7c2acc5bba9c18f6e021f8329a.jpg]
[www.agadirdestination.com/cache/images/0c629c9f4699b422886dc752405b0e91.jpg]
[www.agadirdestination.com/cache/images/3c556883e4025af5511aad62b74fc08d.jpg]
[www.agadirdestination.com/cache/images/6ecda0b414f7280d89486e67bdfa7619.jpg]
[www.agadirdestination.com/cache/images/9a3fa07fbe56bdae9e8aed1994799825.jpg]
[www.agadirdestination.com/cache/images/68146b3cb89d594ef93fc23d9608e87b.jpg]
[www.agadirdestination.com/cache/images/6a8e4b7cdf39db0a92d10506dd524ee6.jpg]
[www.agadirdestination.com/parc/transport-et-excursion-bus-autocar-agadir.html]
[www.agadirdestination.com/library/galerie/Parc/h1.jpg]
[www.agadirdestination.com/cache/images/01baeb27fc281dbf05e15e82ab48bbb6.jpg]
[www.agadirdestination.com/cache/images/f882035c88ee1591457e2a58e6b19c3c.jpg]
[www.agadirdestination.com/cache/images/b8c268e09cd22c838c36d1062ad8ae66.jpg]
[www.agadirdestination.com/cache/images/0d966b69bc19de3e9a41631d1e7eb574.jpg]
[www.agadirdestination.com/cache/images/2ba01e7bbbadb73f06edec296f08a581.jpg]
[www.agadirdestination.com/cache/images/2c5e88886756bdad1533fcf075200b09.jpg]
[www.agadirdestination.com/cache/images/27d59c27e70d9504eae94121814f5616.jpg]
[www.agadirdestination.com/cache/images/4abcf7ecab2a8815606621e1332e0017.jpg]
[www.agadirdestination.com/cache/images/3518b050d2614e986eb58124a4c4df4a.jpg]
[www.agadirdestination.com/cache/images/1aceb208f9804daaaa241bbf768a31b9.jpg]
[www.agadirdestination.com/parc/transfert-et-excursion-agadir-privee.html]
[www.agadirdestination.com/library/galerie/Parc/4x4_Agadir.jpg]
[www.agadirdestination.com/cache/images/2faf1863dc7f4db5dda53648e418d8f0.jpg]
[www.agadirdestination.com/cache/images/b15b5f5f7e5f214dd33fb153db167365.jpg]
[www.agadirdestination.com/cache/images/87efa27fc8ec2644f338d9e9cb418001.jpg]
[www.agadirdestination.com/cache/images/a3da25a5b887664ef2d4ae61cab0c40f.jpg]
[www.agadirdestination.com/cache/images/6e01b1788f89a123bfd4db2c2c7368f8.jpg]
[www.agadirdestination.com/cache/images/17721402a0fc2dc9e536c1ce36cea909.jpg]
[www.agadirdestination.com/cache/images/01150b57621c0a2736c06c76983fd6b4.jpg]
[www.agadirdestination.com/cache/images/01baabc8e87736cafac3265d280750da.jpg]
[www.agadirdestination.com/cache/images/3c527c4d0173f1cb990748f53ba5f842.jpg]
[www.agadirdestination.com/cache/images/3be9436417ddbbfdea2c854e8542d3e9.jpg]
[www.agadirdestination.com/parc/visite-et-excursion-4x4-agadir.html]
[www.agadirdestination.com/library/slider/Contact/005.jpg]
[www.agadirdestination.com/library/index.html]
[www.agadirdestination.com/css/img/loading-2.gif]
[www.agadirdestination.com/css/img/grab.png]
[www.agadirdestination.com/css/img/grabbing.png]
[www.agadirdestination.com/css/img/video-close-btn.png]
[www.agadirdestination.com/css/img/light-skin-1.png]
[www.agadirdestination.com/css/img/light-skin-1-retina.png]
[www.agadirdestination.com/css/img/black-skin-1.png]
[www.agadirdestination.com/css/img/black-skin-1-retina.png]
[www.agadirdestination.com/css/img/black-skin-2.png]
[www.agadirdestination.com/css/img/black-skin-2-retina.png]
[www.agadirdestination.com/css/img/light-skin-2.png]
[www.agadirdestination.com/css/img/light-skin-2-retina.png]
[www.agadirdestination.com/css/img/light-skin-3.png]
[www.agadirdestination.com/css/img/light-skin-3-retina.png]
[www.agadirdestination.com/css/img/light-skin-4.png]
[www.agadirdestination.com/css/img/light-skin-4-retina.png]
[www.agadirdestination.com/css/skins/light-skin-5.282.delayed]
[www.agadirdestination.com/css/skins/light-skin-5-retina.283.delayed]
[www.agadirdestination.com/css/skins/light-skin-6.284.delayed]
[www.agadirdestination.com/css/skins/light-skin-6-retina.285.delayed]
[www.agadirdestination.com/css/skins/metro-skin.286.delayed]
[www.agadirdestination.com/css/skins/metro-skin-retina.287.delayed]
[www.agadirdestination.com/css/skins/contrast-skin.288.delayed]
[www.agadirdestination.com/css/skins/contrast-skin-retina.289.delayed]
[www.agadirdestination.com/css/templates/device-skin.28a.delayed]
[www.agadirdestination.com/css/templates/gallery-btns.28b.delayed]
[www.agadirdestination.com/css/templates/staff-arrows.28c.delayed]
[www.agadirdestination.com/css/templates/vertical-arrows.28d.delayed]
[www.agadirdestination.com/css/masterslider.main923d.css]
[www.agadirdestination.com/css/flexslider/fonts/flexslider-icon.woff]
[www.agadirdestination.com/css/flexslider/fonts/flexslider-icon.ttf]
[www.agadirdestination.com/css/flexslider/flexslider.css]
[www.agadirdestination.com/css/flexslider/fonts/flexslider-icon.svg]
[www.agadirdestination.com/library/images/Excursions/Marrakech1_AgadirDestination.png]
[www.agadirdestination.com/library/slider/mentions-legales/004.jpg]
[www.agadirdestination.com/library/slider/qui-sommes-nous/004.jpg]
[www.agadirdestination.com/library/slider/cgv/005.jpg]
[www.agadirdestination.com/library/slider/partenaires/004.jpg]
[www.site-touristique.com/wp-content/uploads/2016/08/logo-st.html]
[www.e-voyageur.com/logos/images/120x50-blanc.gif]
[www.a-gites.com/Images/logo88x31.html]
[www.voyagevirtuel.info/coeur/logo8831vv.html]
[www.agadirdestination.com/library/slider/blog/005.jpg]
[www.agadirdestination.com/blog/indexd5f2.html]
[www.agadirdestination.com/blog/index3013.html]
[www.agadirdestination.com/blog/vacances-a-agadir.html]
[www.agadirdestination.com/blog/vacances-a-agadir-copy.html]
[www.agadirdestination.com/blog/maroc-un-pays-dafrique-a-absolument-visiter.html]
[www.agadirdestination.com/library/slider/informations-pratiques/005.jpg]
[www.agadirdestination.com/library/images/Excursions/Legzira_AgadirDestination.png]
[www.agadirdestination.com/cache/images/4e1657ac3c6c8a9d8ec498312cd63921.jpg]
[www.agadirdestination.com/cache/images/51c22e695c40872b38633920c3197883.jpg]
[www.agadirdestination.com/cache/images/705ea65a824d0617b0a38d795bf882e7.jpg]
[www.agadirdestination.com/cache/images/f4d6b3f6c475b66948c933f98c079410.jpg]
[www.agadirdestination.com/cache/images/b1cc4f92519d44fd19b16087c5210eb3.jpg]
[www.agadirdestination.com/cache/images/76aa334a185b58d96ba9372dd30a5af8.jpg]
[www.agadirdestination.com/cache/images/e9332f6c06f1f183ff77b5c2f17e5e7e.jpg]
[www.agadirdestination.com/cache/images/07b220e2b67400bcbb10172505914fd6.jpg]
[www.agadirdestination.com/excursions/excursion-visite-legzira.html]
[www.agadirdestination.com/excursions/excursion-visite-et-activite-agadir-et-environsf711.html]
[www.agadirdestination.com/excursions/excursion-visite-et-activite-agadir-et-environs609d.html]
[www.agadirdestination.com/library/images/Excursions/Marrakech2_AgadirDestination.png]
[www.agadirdestination.com/cache/images/8d61d3f2ebc3acf59afc26913a373b6d.jpg]
[www.agadirdestination.com/cache/images/9aab67b910a8fb172fc92507ac35fcda.jpg]
[www.agadirdestination.com/cache/images/3d173d3e2062f73dca2f0b730b493819.jpg]
[www.agadirdestination.com/cache/images/d55ae5c2ee4d477361b154ea14fb2b2d.jpg]
[www.agadirdestination.com/cache/images/470a1c417743c23e048e7e3769314e0c.jpg]
[www.agadirdestination.com/cache/images/598aad7cd595ed29c16b3b6015286e9f.jpg]
[www.agadirdestination.com/cache/images/1dfdd4e1a919fc59528bbb600f452f04.jpg]
[www.agadirdestination.com/cache/images/1c27342df98a5f5a2ed22de0df17d277.jpg]
[www.agadirdestination.com/cache/images/7612c17a3249b5fafbd5e8ed1b67d64f.jpg]
[www.agadirdestination.com/cache/images/400b8c1acd96c20b9cea9e4b9ab2075c.jpg]
[www.agadirdestination.com/cache/images/cb46bca0537fcefb89437b306a870ba3.jpg]
[www.agadirdestination.com/cache/images/692c1ef64719ea7b5dad336af1662faa.jpg]
[www.agadirdestination.com/cache/images/17b2c7657da5252be707c9669766f627.jpg]
[www.agadirdestination.com/cache/images/bf383e9fb138c887dc1d58c08923d6bd.jpg]
[www.agadirdestination.com/cache/images/9b5d9b401b6e8418b52e1cd278d18100.jpg]
[www.agadirdestination.com/cache/images/92d7b0644fb39773db66d0ee3cb7e688.jpg]
[www.agadirdestination.com/cache/images/f6ecc8f9a3b2b695124121349248d04c.jpg]
[www.agadirdestination.com/cache/images/f96c715356836fdc4b5cc35d180c5493.jpg]
[www.agadirdestination.com/cache/images/4854ca39c002c01d2878c0257f669fd0.jpg]
[www.agadirdestination.com/cache/images/7122f8e17d98291bfefa43dae2f548ec.jpg]
[www.agadirdestination.com/excursions/excursion-essaouira-et-marrakech.html]
[www.agadirdestination.com/library/images/Excursions/Tafraout_AgadirDestination.png]
[www.agadirdestination.com/cache/images/000178dbda0da525c26bf43a59b39ab5.jpg]
[www.agadirdestination.com/cache/images/ae7aaec5e5ec21fc0c4e46c48368ae7f.jpg]
[www.agadirdestination.com/cache/images/ff2e6e17669c87a57a4d826557c8a9fe.jpg]
[www.agadirdestination.com/cache/images/979f68fe03b8c305cac0bebbab69dcfb.jpg]
[www.agadirdestination.com/cache/images/4c3a41e721043bb5804c52e2ce96f448.jpg]
[www.agadirdestination.com/cache/images/8b8f5332da86bf51b4281a2fe3229532.jpg]
[www.agadirdestination.com/cache/images/21a15f983da176b0b46b41bae39846b5.jpg]
[www.agadirdestination.com/cache/images/b465f5f783976f9593670cb20e9d1ef3.jpg]
[www.agadirdestination.com/cache/images/6cb543ff7af9bf2645e5ba829c449bf8.jpg]
[www.agadirdestination.com/cache/images/8ccc918a7a38d8e3b53cd4d549d78877.jpg]
[www.agadirdestination.com/cache/images/2163b82638be8d55fa0506b40df13f1e.jpg]
[www.agadirdestination.com/cache/images/fdca34fc9eefdc28e420f613aa3d1a97.jpg]
[www.agadirdestination.com/cache/images/4d7826da22e4e738316983e5e1e1a62a.jpg]
[www.agadirdestination.com/excursions/visite-tafraout-et-tiznit-excursion-tafraout-et-tiznit-agadir.html]
[www.agadirdestination.com/cache/images/74e341dcabc79a5e4f5d3e13513cd02d.jpg]
[www.agadirdestination.com/cache/images/a4c1c21f39eec9850a955577fb03249e.jpg]
[www.agadirdestination.com/cache/images/dca3b3c2942dbbe485798c4c0d8447ee.jpg]
[www.agadirdestination.com/cache/images/9486ce0fea55e57fee9a5c1c4c353f2e.jpg]
[www.agadirdestination.com/cache/images/2d6a1bae5ce3c17e5a6b2c1ed08c510b.jpg]
[www.agadirdestination.com/cache/images/d1a5487d040e4b80df864bdd57791bac.jpg]
[www.agadirdestination.com/cache/images/2f288b05daa608b7046d95e041c703aa.jpg]
[www.agadirdestination.com/cache/images/a4f6944866231d5a0fc3824182df5d66.jpg]
[www.agadirdestination.com/cache/images/06b2f812c72579981ca53ded43d1a6bb.jpg]
[www.agadirdestination.com/cache/images/17770d410ce28c124144c9105ecf5856.jpg]
[www.agadirdestination.com/activites/excursion-aventure-buggy-agadir-balade-buggy-agadir.html]
[www.agadirdestination.com/cache/images/d8604013c4614e5bed633bd2af61573f.jpg]
[www.agadirdestination.com/cache/images/b340f9180970aa10d736b8ddcade2cac.jpg]
[www.agadirdestination.com/cache/images/9baa007d3367e60b7e69f7397fb6b588.jpg]
[www.agadirdestination.com/cache/images/24d613e472b2ead317ea9d941c6b6bc4.jpg]
[www.agadirdestination.com/cache/images/20f967145a4b7011514c41b0fb8f631f.jpg]
[www.agadirdestination.com/cache/images/a72df3097b63631acf4a4cf57ff88ace.jpg]
[www.agadirdestination.com/cache/images/64bc828ab66f43a4ff815dfcef69a1aa.jpg]
[www.agadirdestination.com/cache/images/3cc7c16085e0cc4913ce0f23d03054f4.jpg]
[www.agadirdestination.com/cache/images/700d0dd6bb0c446ce995d9620ce00e65.jpg]
[www.agadirdestination.com/cache/images/3a3f11c433cf2db3a8fecc4ea9fdc221.jpg]
[www.agadirdestination.com/cache/images/873558687871ecd4e78e6646064b6251.jpg]
[www.agadirdestination.com/cache/images/26a8d25162c053981274d36c9a04fe5d.jpg]
[www.agadirdestination.com/activites/excursion-stage-surf-agadir-spots-surf-taghazout.html]
[www.agadirdestination.com/cache/images/a766cf57db46da5291b42fbc7502ade3.jpg]
[www.agadirdestination.com/cache/images/ea87fe13428f7da4396d9a6d424c7bfb.jpg]
[www.agadirdestination.com/cache/images/13dde0897518fff2e120e42af8407518.jpg]
[www.agadirdestination.com/cache/images/6a0a42eb6f5f3b404df54bb94415bb45.jpg]
[www.agadirdestination.com/cache/images/7ebc3940329f79b8d1df45a5ced5029f.jpg]
[www.agadirdestination.com/cache/images/b5096e59852af6803ecb4b57d8922224.jpg]
[www.agadirdestination.com/activites/activite-flyboard-agadir-sport-nautique-agadir.html]
[www.agadirdestination.com/cache/images/1bc7a93f7e4bb108b340965d214a9f27.jpg]
[www.agadirdestination.com/cache/images/a692f79e50312b1666b1b7e9176186d2.jpg]
[www.agadirdestination.com/cache/images/6e33b998be77c8ef271a599696a77989.jpg]
[www.agadirdestination.com/cache/images/0e3fa098923a311a75a9ad2c253ecefa.jpg]
[www.agadirdestination.com/cache/images/c3b6111d4168a594d82dd0110485412c.jpg]
[www.agadirdestination.com/cache/images/592a75d60654cc4058802468ab2dad9d.jpg]
[www.agadirdestination.com/cache/images/4752030b5e7851b59268a4153c9ea188.jpg]
[www.agadirdestination.com/cache/images/589dff1d53fba35e4a8996ab9ffad1b9.jpg]
[www.agadirdestination.com/activites/activite-jet-ski-agadir-sport-nautique-agadir.html]
[www.agadirdestination.com/activites/agadir-visite-excursion-agadir-activites-agadirf711.html]
[www.agadirdestination.com/activites/agadir-visite-excursion-agadir-activites-agadir609d.html]
[www.agadirdestination.com/cache/images/0036c830f7a0dbf5a37293eed699407b.jpg]
[www.agadirdestination.com/cache/images/295668694d1439e55f04be94288df1a3.jpg]
[www.agadirdestination.com/cache/images/f8ce68d8587e16be33a5557e516924e1.jpg]
[www.agadirdestination.com/cache/images/d67ba4722a0ea6efe90abed8caec4536.jpg]
[www.agadirdestination.com/cache/images/e95a97bd633cfc19333f3375ae97a1ae.jpg]
[www.agadirdestination.com/cache/images/03de8be3fc20d16f1e01617866a72093.jpg]
[www.agadirdestination.com/cache/images/fe7d54d9d3cc0d4cd7e00b95b6618ba2.jpg]
[www.agadirdestination.com/cache/images/4e121d3cfdde4e960b063f2698de7a15.jpg]
[www.agadirdestination.com/cache/images/8cbfaa0ab95a9b435b9a55b3b812ebf3.jpg]
[www.agadirdestination.com/cache/images/8a3d94e24be4a7ad79c1f03b88feb52c.jpg]
[www.agadirdestination.com/cache/images/5f58223d56cc0632f91a0375f99b6594.jpg]
[www.agadirdestination.com/cache/images/a4960f85975ed9d87b622a70939b2ab4.jpg]
[www.agadirdestination.com/cache/images/4952cdf0e46d94b949398e22c51df6b9.jpg]
[www.agadirdestination.com/cache/images/9dc9bdc6d93a80c7ffb41bad1bc6fb7f.jpg]
[www.agadirdestination.com/cache/images/f0160045c1363ec968bdfebd4923b6c8.jpg]
[www.agadirdestination.com/cache/images/bed1b00cf36b0db2da29e6d6f1a55211.jpg]
[www.agadirdestination.com/cache/images/37394a6b17d92aa771438a93ebbdf342.jpg]
[www.agadirdestination.com/cache/images/490c96f3ffdf406698daac5974d6c596.jpg]
[www.agadirdestination.com/cache/images/bae91725e4cc6bb3714119d1516bebed.jpg]
[www.agadirdestination.com/cache/images/447fad79ceb21fb035dcddada2b7e96e.jpg]
[www.agadirdestination.com/cache/images/0b8c79e64ab726be6e60497525dd17fb.jpg]
[www.agadirdestination.com/cache/images/43b9bcdeb9f90a7252057b7da162b33d.jpg]
[www.agadirdestination.com/cache/images/567e9349df548dc76995cf8990871d40.jpg]
[www.agadirdestination.com/cache/images/ed08fcdfe36e7ee947f15cbe80fb90e2.jpg]
[www.agadirdestination.com/cache/images/d0362027a4b092f1bdf66ae99ca7b4d5.jpg]
[www.agadirdestination.com/circuits/circuit-villes-imperiales-maroc-6-jours.html]
[www.agadirdestination.com/circuits/circuit-maroc-circuit-minibus-agadir-circuit-4x4-agadir-excursion-agadirf711.html]
[www.agadirdestination.com/circuits/circuit-maroc-circuit-minibus-agadir-circuit-4x4-agadir-excursion-agadir609d.html]
[www.agadirdestination.com/css/skins/light-skin-5.html]
[www.agadirdestination.com/css/skins/light-skin-5-retina.html]
[www.agadirdestination.com/css/skins/light-skin-6.html]
[www.agadirdestination.com/css/skins/light-skin-6-retina.html]
[www.agadirdestination.com/css/skins/metro-skin.html]
[www.agadirdestination.com/css/skins/metro-skin-retina.html]
[www.agadirdestination.com/css/skins/contrast-skin.html]
[www.agadirdestination.com/css/skins/contrast-skin-retina.html]
[www.agadirdestination.com/css/templates/device-skin.html]
[www.agadirdestination.com/css/templates/gallery-btns.html]
[www.agadirdestination.com/css/templates/staff-arrows.html]
[www.agadirdestination.com/css/templates/vertical-arrows.html]
[www.agadirdestination.com/css/flexslider/fonts/flexslider-icon.svg]
[www.agadirdestination.com/blog/indexd5f2.html]
[www.agadirdestination.com/blog/index3013.html]
[www.agadirdestination.com/library/images/Excursions/Tafraout_AgadirDestination.png]
[www.willgoto.com/images/logo_1_120.gif]
